src/auth/auth.service.ts(48,5): error TS2322: Type 'boolean | "" | undefined' is not assignable to type 'boolean | undefined'.
  Type '""' is not assignable to type 'boolean | undefined'.
src/auth/auth.service.ts(169,27): error TS18047: 'user' is possibly 'null'.
src/auth/auth.service.ts(234,5): error TS2322: Type 'null' is not assignable to type 'string | undefined'.
